
======================================================================
python : Traceback (most 
recent call last):
At line:1 char:1
+ python test_api.py 2>&1 
| Tee-Object 
test_output.txt
+ ~~~~~~~~~~~~~~~~~~~~~~~
    + CategoryInfo        
      : NotSpecified: (T  
  raceback (most recent   
  call last)::String)     
[], RemoteException
    + FullyQualifiedError 
   Id : NativeCommandErr  
  or
 
  File "D:\HCl - 
GUVI\test_api.py", line 
25, in <module>
    print("\U0001f9ea AI 
HONEYPOT SYSTEM TEST")
    ~~~~~^^^^^^^^^^^^^^^^^
^^^^^^^^^^^^^
  File "C:\Program Files\P
ython313\Lib\encodings\cp1
252.py", line 19, in 
encode
    return codecs.charmap_
encode(input,self.errors,e
ncoding_table)[0]
           ~~~~~~~~~~~~~~~
~~~~~~^^^^^^^^^^^^^^^^^^^^
^^^^^^^^^^^^^^
UnicodeEncodeError: 
'charmap' codec can't 
encode character 
'\U0001f9ea' in position 
0: character maps to 
<undefined>
